// Vitest Snapshot v1, https://vitest.dev/guide/snapshot.html

exports[`Base column configuration > should be able to configure a column 1`] = `
<div>
  <button
    class="inline-flex items-center justify-center gap-2 whitespace-nowrap rounded-md text-sm font-medium transition-all disabled:pointer-events-none disabled:opacity-50 [&_svg]:pointer-events-none [&_svg:not([class*='size-'])]:size-4 shrink-0 [&_svg]:shrink-0 outline-none focus-visible:border-ring focus-visible:ring-ring/50 focus-visible:ring-[3px] aria-invalid:ring-destructive/20 dark:aria-invalid:ring-destructive/40 aria-invalid:border-destructive dark:hover:bg-accent/50 h-9 px-4 py-2 has-[>svg]:px-3 bg-transparent hover:bg-transparent hover:text-inherit"
    data-slot="button"
  >
    testDisplayName
    <svg
      aria-hidden="true"
      class="lucide lucide-arrow-down ml-2 h-4 w-4"
      fill="none"
      height="24"
      stroke="currentColor"
      stroke-linecap="round"
      stroke-linejoin="round"
      stroke-width="2"
      viewBox="0 0 24 24"
      width="24"
      xmlns="http://www.w3.org/2000/svg"
    >
      <path
        d="M12 5v14"
      />
      <path
        d="m19 12-7 7-7-7"
      />
    </svg>
  </button>
</div>
`;
