// Vitest Snapshot v1, https://vitest.dev/guide/snapshot.html

exports[`DatePicker > should render correctly 1`] = `
<div>
  <button
    aria-controls="radix-«r0»"
    aria-expanded="false"
    aria-haspopup="dialog"
    class="inline-flex items-center gap-2 whitespace-nowrap rounded-md text-sm transition-all disabled:pointer-events-none disabled:opacity-50 [&_svg]:pointer-events-none [&_svg:not([class*='size-'])]:size-4 shrink-0 [&_svg]:shrink-0 outline-none focus-visible:border-ring focus-visible:ring-ring/50 focus-visible:ring-[3px] aria-invalid:ring-destructive/20 dark:aria-invalid:ring-destructive/40 aria-invalid:border-destructive border bg-background shadow-xs hover:bg-accent hover:text-accent-foreground dark:bg-input/30 dark:border-input dark:hover:bg-input/50 h-9 px-4 py-2 has-[>svg]:px-3 w-full justify-between font-normal"
    data-slot="popover-trigger"
    data-state="closed"
    id="date"
    role="button"
    type="button"
  >
    <span />
    <svg
      aria-hidden="true"
      class="lucide lucide-chevron-down"
      fill="none"
      height="24"
      stroke="currentColor"
      stroke-linecap="round"
      stroke-linejoin="round"
      stroke-width="2"
      viewBox="0 0 24 24"
      width="24"
      xmlns="http://www.w3.org/2000/svg"
    >
      <path
        d="m6 9 6 6 6-6"
      />
    </svg>
  </button>
  <input
    data-testid="test"
    name="test"
    type="hidden"
    value=""
  />
</div>
`;
