// Vitest Snapshot v1, https://vitest.dev/guide/snapshot.html

exports[`EmployeesTable > should render correctly with project's mockup data 1`] = `
<div>
  <div
    class="w-full"
  >
    <div
      class="flex items-center justify-between"
    >
      <div
        class="flex items-center py-4 space-x-4"
      >
        <span>
          Show 
        </span>
        <button
          aria-autocomplete="none"
          aria-controls="radix-«r0»"
          aria-expanded="false"
          aria-label="Select the page size"
          class="border-input data-[placeholder]:text-muted-foreground [&_svg:not([class*='text-'])]:text-muted-foreground focus-visible:border-ring focus-visible:ring-ring/50 aria-invalid:ring-destructive/20 dark:aria-invalid:ring-destructive/40 aria-invalid:border-destructive dark:bg-input/30 dark:hover:bg-input/50 flex items-center justify-between gap-2 rounded-md border px-3 py-2 text-sm whitespace-nowrap shadow-xs transition-[color,box-shadow] outline-none focus-visible:ring-[3px] disabled:cursor-not-allowed disabled:opacity-50 data-[size=default]:h-9 data-[size=sm]:h-8 *:data-[slot=select-value]:line-clamp-1 *:data-[slot=select-value]:flex *:data-[slot=select-value]:items-center *:data-[slot=select-value]:gap-2 [&_svg]:pointer-events-none [&_svg]:shrink-0 [&_svg:not([class*='size-'])]:size-4 w-20 bg-background"
          data-size="default"
          data-slot="select-trigger"
          data-state="closed"
          dir="ltr"
          role="combobox"
          type="button"
        >
          <span
            data-slot="select-value"
            style="pointer-events: none;"
          >
            10
          </span>
          <svg
            aria-hidden="true"
            class="lucide lucide-chevron-down size-4 opacity-50"
            fill="none"
            height="24"
            stroke="currentColor"
            stroke-linecap="round"
            stroke-linejoin="round"
            stroke-width="2"
            viewBox="0 0 24 24"
            width="24"
            xmlns="http://www.w3.org/2000/svg"
          >
            <path
              d="m6 9 6 6 6-6"
            />
          </svg>
        </button>
        <span>
           entries
        </span>
      </div>
      <div
        class="flex items-center py-4 space-x-4"
      >
        <label
          for="global-search"
        >
          Search: 
        </label>
        <input
          class="file:text-foreground placeholder:text-muted-foreground selection:bg-primary selection:text-primary-foreground dark:bg-input/30 border-input flex h-9 w-full min-w-0 rounded-md border px-3 py-1 text-base shadow-xs transition-[color,box-shadow] outline-none file:inline-flex file:h-7 file:border-0 file:bg-transparent file:text-sm file:font-medium disabled:pointer-events-none disabled:cursor-not-allowed disabled:opacity-50 md:text-sm focus-visible:border-ring focus-visible:ring-ring/50 focus-visible:ring-[3px] aria-invalid:ring-destructive/20 dark:aria-invalid:ring-destructive/40 aria-invalid:border-destructive max-w-sm bg-background"
          data-slot="input"
          id="global-search"
          value=""
        />
      </div>
    </div>
    <div
      class="overflow-hidden rounded-md border"
    >
      <div
        class="relative w-full overflow-x-auto"
        data-slot="table-container"
      >
        <table
          class="w-full caption-bottom text-sm"
          data-slot="table"
        >
          <thead
            class="[&_tr]:border-b"
            data-slot="table-header"
          >
            <tr
              class="hover:bg-muted/50 data-[state=selected]:bg-muted border-b transition-colors"
              data-slot="table-row"
            >
              <th
                class="text-foreground h-10 px-2 text-left align-middle font-medium whitespace-nowrap [&:has([role=checkbox])]:pr-0 [&>[role=checkbox]]:translate-y-[2px] bg-ring/20"
                data-slot="table-head"
              >
                <button
                  class="inline-flex items-center justify-center gap-2 whitespace-nowrap rounded-md text-sm font-medium transition-all disabled:pointer-events-none disabled:opacity-50 [&_svg]:pointer-events-none [&_svg:not([class*='size-'])]:size-4 shrink-0 [&_svg]:shrink-0 outline-none focus-visible:border-ring focus-visible:ring-ring/50 focus-visible:ring-[3px] aria-invalid:ring-destructive/20 dark:aria-invalid:ring-destructive/40 aria-invalid:border-destructive dark:hover:bg-accent/50 h-9 px-4 py-2 has-[>svg]:px-3 bg-transparent hover:bg-transparent hover:text-inherit"
                  data-slot="button"
                >
                  First Name
                  <svg
                    aria-hidden="true"
                    class="lucide lucide-arrow-up-down ml-2 h-4 w-4"
                    fill="none"
                    height="24"
                    stroke="currentColor"
                    stroke-linecap="round"
                    stroke-linejoin="round"
                    stroke-width="2"
                    viewBox="0 0 24 24"
                    width="24"
                    xmlns="http://www.w3.org/2000/svg"
                  >
                    <path
                      d="m21 16-4 4-4-4"
                    />
                    <path
                      d="M17 20V4"
                    />
                    <path
                      d="m3 8 4-4 4 4"
                    />
                    <path
                      d="M7 4v16"
                    />
                  </svg>
                </button>
              </th>
              <th
                class="text-foreground h-10 px-2 text-left align-middle font-medium whitespace-nowrap [&:has([role=checkbox])]:pr-0 [&>[role=checkbox]]:translate-y-[2px] bg-ring/20"
                data-slot="table-head"
              >
                <button
                  class="inline-flex items-center justify-center gap-2 whitespace-nowrap rounded-md text-sm font-medium transition-all disabled:pointer-events-none disabled:opacity-50 [&_svg]:pointer-events-none [&_svg:not([class*='size-'])]:size-4 shrink-0 [&_svg]:shrink-0 outline-none focus-visible:border-ring focus-visible:ring-ring/50 focus-visible:ring-[3px] aria-invalid:ring-destructive/20 dark:aria-invalid:ring-destructive/40 aria-invalid:border-destructive dark:hover:bg-accent/50 h-9 px-4 py-2 has-[>svg]:px-3 bg-transparent hover:bg-transparent hover:text-inherit"
                  data-slot="button"
                >
                  Last Name
                  <svg
                    aria-hidden="true"
                    class="lucide lucide-arrow-up-down ml-2 h-4 w-4"
                    fill="none"
                    height="24"
                    stroke="currentColor"
                    stroke-linecap="round"
                    stroke-linejoin="round"
                    stroke-width="2"
                    viewBox="0 0 24 24"
                    width="24"
                    xmlns="http://www.w3.org/2000/svg"
                  >
                    <path
                      d="m21 16-4 4-4-4"
                    />
                    <path
                      d="M17 20V4"
                    />
                    <path
                      d="m3 8 4-4 4 4"
                    />
                    <path
                      d="M7 4v16"
                    />
                  </svg>
                </button>
              </th>
              <th
                class="text-foreground h-10 px-2 text-left align-middle font-medium whitespace-nowrap [&:has([role=checkbox])]:pr-0 [&>[role=checkbox]]:translate-y-[2px] bg-ring/20"
                data-slot="table-head"
              >
                <button
                  class="inline-flex items-center justify-center gap-2 whitespace-nowrap rounded-md text-sm font-medium transition-all disabled:pointer-events-none disabled:opacity-50 [&_svg]:pointer-events-none [&_svg:not([class*='size-'])]:size-4 shrink-0 [&_svg]:shrink-0 outline-none focus-visible:border-ring focus-visible:ring-ring/50 focus-visible:ring-[3px] aria-invalid:ring-destructive/20 dark:aria-invalid:ring-destructive/40 aria-invalid:border-destructive dark:hover:bg-accent/50 h-9 px-4 py-2 has-[>svg]:px-3 bg-transparent hover:bg-transparent hover:text-inherit"
                  data-slot="button"
                >
                  Date of Birth
                  <svg
                    aria-hidden="true"
                    class="lucide lucide-arrow-up-down ml-2 h-4 w-4"
                    fill="none"
                    height="24"
                    stroke="currentColor"
                    stroke-linecap="round"
                    stroke-linejoin="round"
                    stroke-width="2"
                    viewBox="0 0 24 24"
                    width="24"
                    xmlns="http://www.w3.org/2000/svg"
                  >
                    <path
                      d="m21 16-4 4-4-4"
                    />
                    <path
                      d="M17 20V4"
                    />
                    <path
                      d="m3 8 4-4 4 4"
                    />
                    <path
                      d="M7 4v16"
                    />
                  </svg>
                </button>
              </th>
              <th
                class="text-foreground h-10 px-2 text-left align-middle font-medium whitespace-nowrap [&:has([role=checkbox])]:pr-0 [&>[role=checkbox]]:translate-y-[2px] bg-ring/20"
                data-slot="table-head"
              >
                <button
                  class="inline-flex items-center justify-center gap-2 whitespace-nowrap rounded-md text-sm font-medium transition-all disabled:pointer-events-none disabled:opacity-50 [&_svg]:pointer-events-none [&_svg:not([class*='size-'])]:size-4 shrink-0 [&_svg]:shrink-0 outline-none focus-visible:border-ring focus-visible:ring-ring/50 focus-visible:ring-[3px] aria-invalid:ring-destructive/20 dark:aria-invalid:ring-destructive/40 aria-invalid:border-destructive dark:hover:bg-accent/50 h-9 px-4 py-2 has-[>svg]:px-3 bg-transparent hover:bg-transparent hover:text-inherit"
                  data-slot="button"
                >
                  Start Date
                  <svg
                    aria-hidden="true"
                    class="lucide lucide-arrow-up-down ml-2 h-4 w-4"
                    fill="none"
                    height="24"
                    stroke="currentColor"
                    stroke-linecap="round"
                    stroke-linejoin="round"
                    stroke-width="2"
                    viewBox="0 0 24 24"
                    width="24"
                    xmlns="http://www.w3.org/2000/svg"
                  >
                    <path
                      d="m21 16-4 4-4-4"
                    />
                    <path
                      d="M17 20V4"
                    />
                    <path
                      d="m3 8 4-4 4 4"
                    />
                    <path
                      d="M7 4v16"
                    />
                  </svg>
                </button>
              </th>
              <th
                class="text-foreground h-10 px-2 text-left align-middle font-medium whitespace-nowrap [&:has([role=checkbox])]:pr-0 [&>[role=checkbox]]:translate-y-[2px] bg-ring/20"
                data-slot="table-head"
              >
                <button
                  class="inline-flex items-center justify-center gap-2 whitespace-nowrap rounded-md text-sm font-medium transition-all disabled:pointer-events-none disabled:opacity-50 [&_svg]:pointer-events-none [&_svg:not([class*='size-'])]:size-4 shrink-0 [&_svg]:shrink-0 outline-none focus-visible:border-ring focus-visible:ring-ring/50 focus-visible:ring-[3px] aria-invalid:ring-destructive/20 dark:aria-invalid:ring-destructive/40 aria-invalid:border-destructive dark:hover:bg-accent/50 h-9 px-4 py-2 has-[>svg]:px-3 bg-transparent hover:bg-transparent hover:text-inherit"
                  data-slot="button"
                >
                  Department
                  <svg
                    aria-hidden="true"
                    class="lucide lucide-arrow-up-down ml-2 h-4 w-4"
                    fill="none"
                    height="24"
                    stroke="currentColor"
                    stroke-linecap="round"
                    stroke-linejoin="round"
                    stroke-width="2"
                    viewBox="0 0 24 24"
                    width="24"
                    xmlns="http://www.w3.org/2000/svg"
                  >
                    <path
                      d="m21 16-4 4-4-4"
                    />
                    <path
                      d="M17 20V4"
                    />
                    <path
                      d="m3 8 4-4 4 4"
                    />
                    <path
                      d="M7 4v16"
                    />
                  </svg>
                </button>
              </th>
              <th
                class="text-foreground h-10 px-2 text-left align-middle font-medium whitespace-nowrap [&:has([role=checkbox])]:pr-0 [&>[role=checkbox]]:translate-y-[2px] bg-ring/20"
                data-slot="table-head"
              >
                <button
                  class="inline-flex items-center justify-center gap-2 whitespace-nowrap rounded-md text-sm font-medium transition-all disabled:pointer-events-none disabled:opacity-50 [&_svg]:pointer-events-none [&_svg:not([class*='size-'])]:size-4 shrink-0 [&_svg]:shrink-0 outline-none focus-visible:border-ring focus-visible:ring-ring/50 focus-visible:ring-[3px] aria-invalid:ring-destructive/20 dark:aria-invalid:ring-destructive/40 aria-invalid:border-destructive dark:hover:bg-accent/50 h-9 px-4 py-2 has-[>svg]:px-3 bg-transparent hover:bg-transparent hover:text-inherit"
                  data-slot="button"
                >
                  City
                  <svg
                    aria-hidden="true"
                    class="lucide lucide-arrow-up-down ml-2 h-4 w-4"
                    fill="none"
                    height="24"
                    stroke="currentColor"
                    stroke-linecap="round"
                    stroke-linejoin="round"
                    stroke-width="2"
                    viewBox="0 0 24 24"
                    width="24"
                    xmlns="http://www.w3.org/2000/svg"
                  >
                    <path
                      d="m21 16-4 4-4-4"
                    />
                    <path
                      d="M17 20V4"
                    />
                    <path
                      d="m3 8 4-4 4 4"
                    />
                    <path
                      d="M7 4v16"
                    />
                  </svg>
                </button>
              </th>
              <th
                class="text-foreground h-10 px-2 text-left align-middle font-medium whitespace-nowrap [&:has([role=checkbox])]:pr-0 [&>[role=checkbox]]:translate-y-[2px] bg-ring/20"
                data-slot="table-head"
              >
                <button
                  class="inline-flex items-center justify-center gap-2 whitespace-nowrap rounded-md text-sm font-medium transition-all disabled:pointer-events-none disabled:opacity-50 [&_svg]:pointer-events-none [&_svg:not([class*='size-'])]:size-4 shrink-0 [&_svg]:shrink-0 outline-none focus-visible:border-ring focus-visible:ring-ring/50 focus-visible:ring-[3px] aria-invalid:ring-destructive/20 dark:aria-invalid:ring-destructive/40 aria-invalid:border-destructive dark:hover:bg-accent/50 h-9 px-4 py-2 has-[>svg]:px-3 bg-transparent hover:bg-transparent hover:text-inherit"
                  data-slot="button"
                >
                  State
                  <svg
                    aria-hidden="true"
                    class="lucide lucide-arrow-up-down ml-2 h-4 w-4"
                    fill="none"
                    height="24"
                    stroke="currentColor"
                    stroke-linecap="round"
                    stroke-linejoin="round"
                    stroke-width="2"
                    viewBox="0 0 24 24"
                    width="24"
                    xmlns="http://www.w3.org/2000/svg"
                  >
                    <path
                      d="m21 16-4 4-4-4"
                    />
                    <path
                      d="M17 20V4"
                    />
                    <path
                      d="m3 8 4-4 4 4"
                    />
                    <path
                      d="M7 4v16"
                    />
                  </svg>
                </button>
              </th>
              <th
                class="text-foreground h-10 px-2 text-left align-middle font-medium whitespace-nowrap [&:has([role=checkbox])]:pr-0 [&>[role=checkbox]]:translate-y-[2px] bg-ring/20"
                data-slot="table-head"
              >
                <button
                  class="inline-flex items-center justify-center gap-2 whitespace-nowrap rounded-md text-sm font-medium transition-all disabled:pointer-events-none disabled:opacity-50 [&_svg]:pointer-events-none [&_svg:not([class*='size-'])]:size-4 shrink-0 [&_svg]:shrink-0 outline-none focus-visible:border-ring focus-visible:ring-ring/50 focus-visible:ring-[3px] aria-invalid:ring-destructive/20 dark:aria-invalid:ring-destructive/40 aria-invalid:border-destructive dark:hover:bg-accent/50 h-9 px-4 py-2 has-[>svg]:px-3 bg-transparent hover:bg-transparent hover:text-inherit"
                  data-slot="button"
                >
                  Zip Code
                  <svg
                    aria-hidden="true"
                    class="lucide lucide-arrow-up-down ml-2 h-4 w-4"
                    fill="none"
                    height="24"
                    stroke="currentColor"
                    stroke-linecap="round"
                    stroke-linejoin="round"
                    stroke-width="2"
                    viewBox="0 0 24 24"
                    width="24"
                    xmlns="http://www.w3.org/2000/svg"
                  >
                    <path
                      d="m21 16-4 4-4-4"
                    />
                    <path
                      d="M17 20V4"
                    />
                    <path
                      d="m3 8 4-4 4 4"
                    />
                    <path
                      d="M7 4v16"
                    />
                  </svg>
                </button>
              </th>
            </tr>
          </thead>
          <tbody
            class="[&_tr:last-child]:border-0"
            data-slot="table-body"
          >
            <tr
              class="hover:bg-muted/50 data-[state=selected]:bg-muted border-b transition-colors"
              data-slot="table-row"
            >
              <td
                class="p-2 align-middle whitespace-nowrap [&:has([role=checkbox])]:pr-0 [&>[role=checkbox]]:translate-y-[2px] bg-background text-foreground"
                data-slot="table-cell"
              >
                Kevin
              </td>
              <td
                class="p-2 align-middle whitespace-nowrap [&:has([role=checkbox])]:pr-0 [&>[role=checkbox]]:translate-y-[2px] bg-background text-foreground"
                data-slot="table-cell"
              >
                Wright
              </td>
              <td
                class="p-2 align-middle whitespace-nowrap [&:has([role=checkbox])]:pr-0 [&>[role=checkbox]]:translate-y-[2px] bg-background text-foreground"
                data-slot="table-cell"
              >
                1999-05-22
              </td>
              <td
                class="p-2 align-middle whitespace-nowrap [&:has([role=checkbox])]:pr-0 [&>[role=checkbox]]:translate-y-[2px] bg-background text-foreground"
                data-slot="table-cell"
              >
                2025-05-20
              </td>
              <td
                class="p-2 align-middle whitespace-nowrap [&:has([role=checkbox])]:pr-0 [&>[role=checkbox]]:translate-y-[2px] bg-background text-foreground"
                data-slot="table-cell"
              >
                Sales
              </td>
              <td
                class="p-2 align-middle whitespace-nowrap [&:has([role=checkbox])]:pr-0 [&>[role=checkbox]]:translate-y-[2px] bg-background text-foreground"
                data-slot="table-cell"
              >
                New Jasonberg
              </td>
              <td
                class="p-2 align-middle whitespace-nowrap [&:has([role=checkbox])]:pr-0 [&>[role=checkbox]]:translate-y-[2px] bg-background text-foreground"
                data-slot="table-cell"
              >
                FM
              </td>
              <td
                class="p-2 align-middle whitespace-nowrap [&:has([role=checkbox])]:pr-0 [&>[role=checkbox]]:translate-y-[2px] bg-background text-foreground"
                data-slot="table-cell"
              >
                68020
              </td>
            </tr>
            <tr
              class="hover:bg-muted/50 data-[state=selected]:bg-muted border-b transition-colors"
              data-slot="table-row"
            >
              <td
                class="p-2 align-middle whitespace-nowrap [&:has([role=checkbox])]:pr-0 [&>[role=checkbox]]:translate-y-[2px] bg-background text-foreground"
                data-slot="table-cell"
              >
                Charles
              </td>
              <td
                class="p-2 align-middle whitespace-nowrap [&:has([role=checkbox])]:pr-0 [&>[role=checkbox]]:translate-y-[2px] bg-background text-foreground"
                data-slot="table-cell"
              >
                Turner
              </td>
              <td
                class="p-2 align-middle whitespace-nowrap [&:has([role=checkbox])]:pr-0 [&>[role=checkbox]]:translate-y-[2px] bg-background text-foreground"
                data-slot="table-cell"
              >
                1979-05-13
              </td>
              <td
                class="p-2 align-middle whitespace-nowrap [&:has([role=checkbox])]:pr-0 [&>[role=checkbox]]:translate-y-[2px] bg-background text-foreground"
                data-slot="table-cell"
              >
                2021-10-19
              </td>
              <td
                class="p-2 align-middle whitespace-nowrap [&:has([role=checkbox])]:pr-0 [&>[role=checkbox]]:translate-y-[2px] bg-background text-foreground"
                data-slot="table-cell"
              >
                Engineering
              </td>
              <td
                class="p-2 align-middle whitespace-nowrap [&:has([role=checkbox])]:pr-0 [&>[role=checkbox]]:translate-y-[2px] bg-background text-foreground"
                data-slot="table-cell"
              >
                Sanchezmouth
              </td>
              <td
                class="p-2 align-middle whitespace-nowrap [&:has([role=checkbox])]:pr-0 [&>[role=checkbox]]:translate-y-[2px] bg-background text-foreground"
                data-slot="table-cell"
              >
                PW
              </td>
              <td
                class="p-2 align-middle whitespace-nowrap [&:has([role=checkbox])]:pr-0 [&>[role=checkbox]]:translate-y-[2px] bg-background text-foreground"
                data-slot="table-cell"
              >
                34203
              </td>
            </tr>
            <tr
              class="hover:bg-muted/50 data-[state=selected]:bg-muted border-b transition-colors"
              data-slot="table-row"
            >
              <td
                class="p-2 align-middle whitespace-nowrap [&:has([role=checkbox])]:pr-0 [&>[role=checkbox]]:translate-y-[2px] bg-background text-foreground"
                data-slot="table-cell"
              >
                Cynthia
              </td>
              <td
                class="p-2 align-middle whitespace-nowrap [&:has([role=checkbox])]:pr-0 [&>[role=checkbox]]:translate-y-[2px] bg-background text-foreground"
                data-slot="table-cell"
              >
                Wilson
              </td>
              <td
                class="p-2 align-middle whitespace-nowrap [&:has([role=checkbox])]:pr-0 [&>[role=checkbox]]:translate-y-[2px] bg-background text-foreground"
                data-slot="table-cell"
              >
                1966-11-27
              </td>
              <td
                class="p-2 align-middle whitespace-nowrap [&:has([role=checkbox])]:pr-0 [&>[role=checkbox]]:translate-y-[2px] bg-background text-foreground"
                data-slot="table-cell"
              >
                2022-03-08
              </td>
              <td
                class="p-2 align-middle whitespace-nowrap [&:has([role=checkbox])]:pr-0 [&>[role=checkbox]]:translate-y-[2px] bg-background text-foreground"
                data-slot="table-cell"
              >
                Sales
              </td>
              <td
                class="p-2 align-middle whitespace-nowrap [&:has([role=checkbox])]:pr-0 [&>[role=checkbox]]:translate-y-[2px] bg-background text-foreground"
                data-slot="table-cell"
              >
                Port Paul
              </td>
              <td
                class="p-2 align-middle whitespace-nowrap [&:has([role=checkbox])]:pr-0 [&>[role=checkbox]]:translate-y-[2px] bg-background text-foreground"
                data-slot="table-cell"
              >
                MS
              </td>
              <td
                class="p-2 align-middle whitespace-nowrap [&:has([role=checkbox])]:pr-0 [&>[role=checkbox]]:translate-y-[2px] bg-background text-foreground"
                data-slot="table-cell"
              >
                68678
              </td>
            </tr>
            <tr
              class="hover:bg-muted/50 data-[state=selected]:bg-muted border-b transition-colors"
              data-slot="table-row"
            >
              <td
                class="p-2 align-middle whitespace-nowrap [&:has([role=checkbox])]:pr-0 [&>[role=checkbox]]:translate-y-[2px] bg-background text-foreground"
                data-slot="table-cell"
              >
                Raymond
              </td>
              <td
                class="p-2 align-middle whitespace-nowrap [&:has([role=checkbox])]:pr-0 [&>[role=checkbox]]:translate-y-[2px] bg-background text-foreground"
                data-slot="table-cell"
              >
                Warner
              </td>
              <td
                class="p-2 align-middle whitespace-nowrap [&:has([role=checkbox])]:pr-0 [&>[role=checkbox]]:translate-y-[2px] bg-background text-foreground"
                data-slot="table-cell"
              >
                1983-10-28
              </td>
              <td
                class="p-2 align-middle whitespace-nowrap [&:has([role=checkbox])]:pr-0 [&>[role=checkbox]]:translate-y-[2px] bg-background text-foreground"
                data-slot="table-cell"
              >
                2024-06-23
              </td>
              <td
                class="p-2 align-middle whitespace-nowrap [&:has([role=checkbox])]:pr-0 [&>[role=checkbox]]:translate-y-[2px] bg-background text-foreground"
                data-slot="table-cell"
              >
                Legal
              </td>
              <td
                class="p-2 align-middle whitespace-nowrap [&:has([role=checkbox])]:pr-0 [&>[role=checkbox]]:translate-y-[2px] bg-background text-foreground"
                data-slot="table-cell"
              >
                New Jesusfort
              </td>
              <td
                class="p-2 align-middle whitespace-nowrap [&:has([role=checkbox])]:pr-0 [&>[role=checkbox]]:translate-y-[2px] bg-background text-foreground"
                data-slot="table-cell"
              >
                DC
              </td>
              <td
                class="p-2 align-middle whitespace-nowrap [&:has([role=checkbox])]:pr-0 [&>[role=checkbox]]:translate-y-[2px] bg-background text-foreground"
                data-slot="table-cell"
              >
                69574
              </td>
            </tr>
            <tr
              class="hover:bg-muted/50 data-[state=selected]:bg-muted border-b transition-colors"
              data-slot="table-row"
            >
              <td
                class="p-2 align-middle whitespace-nowrap [&:has([role=checkbox])]:pr-0 [&>[role=checkbox]]:translate-y-[2px] bg-background text-foreground"
                data-slot="table-cell"
              >
                Charles
              </td>
              <td
                class="p-2 align-middle whitespace-nowrap [&:has([role=checkbox])]:pr-0 [&>[role=checkbox]]:translate-y-[2px] bg-background text-foreground"
                data-slot="table-cell"
              >
                Hodge
              </td>
              <td
                class="p-2 align-middle whitespace-nowrap [&:has([role=checkbox])]:pr-0 [&>[role=checkbox]]:translate-y-[2px] bg-background text-foreground"
                data-slot="table-cell"
              >
                1992-09-06
              </td>
              <td
                class="p-2 align-middle whitespace-nowrap [&:has([role=checkbox])]:pr-0 [&>[role=checkbox]]:translate-y-[2px] bg-background text-foreground"
                data-slot="table-cell"
              >
                2025-08-14
              </td>
              <td
                class="p-2 align-middle whitespace-nowrap [&:has([role=checkbox])]:pr-0 [&>[role=checkbox]]:translate-y-[2px] bg-background text-foreground"
                data-slot="table-cell"
              >
                Sales
              </td>
              <td
                class="p-2 align-middle whitespace-nowrap [&:has([role=checkbox])]:pr-0 [&>[role=checkbox]]:translate-y-[2px] bg-background text-foreground"
                data-slot="table-cell"
              >
                Port Jessicahaven
              </td>
              <td
                class="p-2 align-middle whitespace-nowrap [&:has([role=checkbox])]:pr-0 [&>[role=checkbox]]:translate-y-[2px] bg-background text-foreground"
                data-slot="table-cell"
              >
                ND
              </td>
              <td
                class="p-2 align-middle whitespace-nowrap [&:has([role=checkbox])]:pr-0 [&>[role=checkbox]]:translate-y-[2px] bg-background text-foreground"
                data-slot="table-cell"
              >
                40579
              </td>
            </tr>
            <tr
              class="hover:bg-muted/50 data-[state=selected]:bg-muted border-b transition-colors"
              data-slot="table-row"
            >
              <td
                class="p-2 align-middle whitespace-nowrap [&:has([role=checkbox])]:pr-0 [&>[role=checkbox]]:translate-y-[2px] bg-background text-foreground"
                data-slot="table-cell"
              >
                Jennifer
              </td>
              <td
                class="p-2 align-middle whitespace-nowrap [&:has([role=checkbox])]:pr-0 [&>[role=checkbox]]:translate-y-[2px] bg-background text-foreground"
                data-slot="table-cell"
              >
                Hensley
              </td>
              <td
                class="p-2 align-middle whitespace-nowrap [&:has([role=checkbox])]:pr-0 [&>[role=checkbox]]:translate-y-[2px] bg-background text-foreground"
                data-slot="table-cell"
              >
                1999-07-26
              </td>
              <td
                class="p-2 align-middle whitespace-nowrap [&:has([role=checkbox])]:pr-0 [&>[role=checkbox]]:translate-y-[2px] bg-background text-foreground"
                data-slot="table-cell"
              >
                2023-05-20
              </td>
              <td
                class="p-2 align-middle whitespace-nowrap [&:has([role=checkbox])]:pr-0 [&>[role=checkbox]]:translate-y-[2px] bg-background text-foreground"
                data-slot="table-cell"
              >
                Sales
              </td>
              <td
                class="p-2 align-middle whitespace-nowrap [&:has([role=checkbox])]:pr-0 [&>[role=checkbox]]:translate-y-[2px] bg-background text-foreground"
                data-slot="table-cell"
              >
                Lake Cindy
              </td>
              <td
                class="p-2 align-middle whitespace-nowrap [&:has([role=checkbox])]:pr-0 [&>[role=checkbox]]:translate-y-[2px] bg-background text-foreground"
                data-slot="table-cell"
              >
                CA
              </td>
              <td
                class="p-2 align-middle whitespace-nowrap [&:has([role=checkbox])]:pr-0 [&>[role=checkbox]]:translate-y-[2px] bg-background text-foreground"
                data-slot="table-cell"
              >
                28941
              </td>
            </tr>
            <tr
              class="hover:bg-muted/50 data-[state=selected]:bg-muted border-b transition-colors"
              data-slot="table-row"
            >
              <td
                class="p-2 align-middle whitespace-nowrap [&:has([role=checkbox])]:pr-0 [&>[role=checkbox]]:translate-y-[2px] bg-background text-foreground"
                data-slot="table-cell"
              >
                Crystal
              </td>
              <td
                class="p-2 align-middle whitespace-nowrap [&:has([role=checkbox])]:pr-0 [&>[role=checkbox]]:translate-y-[2px] bg-background text-foreground"
                data-slot="table-cell"
              >
                Brown
              </td>
              <td
                class="p-2 align-middle whitespace-nowrap [&:has([role=checkbox])]:pr-0 [&>[role=checkbox]]:translate-y-[2px] bg-background text-foreground"
                data-slot="table-cell"
              >
                1994-02-02
              </td>
              <td
                class="p-2 align-middle whitespace-nowrap [&:has([role=checkbox])]:pr-0 [&>[role=checkbox]]:translate-y-[2px] bg-background text-foreground"
                data-slot="table-cell"
              >
                2024-01-29
              </td>
              <td
                class="p-2 align-middle whitespace-nowrap [&:has([role=checkbox])]:pr-0 [&>[role=checkbox]]:translate-y-[2px] bg-background text-foreground"
                data-slot="table-cell"
              >
                Sales
              </td>
              <td
                class="p-2 align-middle whitespace-nowrap [&:has([role=checkbox])]:pr-0 [&>[role=checkbox]]:translate-y-[2px] bg-background text-foreground"
                data-slot="table-cell"
              >
                Jenningston
              </td>
              <td
                class="p-2 align-middle whitespace-nowrap [&:has([role=checkbox])]:pr-0 [&>[role=checkbox]]:translate-y-[2px] bg-background text-foreground"
                data-slot="table-cell"
              >
                ND
              </td>
              <td
                class="p-2 align-middle whitespace-nowrap [&:has([role=checkbox])]:pr-0 [&>[role=checkbox]]:translate-y-[2px] bg-background text-foreground"
                data-slot="table-cell"
              >
                42052
              </td>
            </tr>
            <tr
              class="hover:bg-muted/50 data-[state=selected]:bg-muted border-b transition-colors"
              data-slot="table-row"
            >
              <td
                class="p-2 align-middle whitespace-nowrap [&:has([role=checkbox])]:pr-0 [&>[role=checkbox]]:translate-y-[2px] bg-background text-foreground"
                data-slot="table-cell"
              >
                Kathryn
              </td>
              <td
                class="p-2 align-middle whitespace-nowrap [&:has([role=checkbox])]:pr-0 [&>[role=checkbox]]:translate-y-[2px] bg-background text-foreground"
                data-slot="table-cell"
              >
                Anderson
              </td>
              <td
                class="p-2 align-middle whitespace-nowrap [&:has([role=checkbox])]:pr-0 [&>[role=checkbox]]:translate-y-[2px] bg-background text-foreground"
                data-slot="table-cell"
              >
                1975-03-18
              </td>
              <td
                class="p-2 align-middle whitespace-nowrap [&:has([role=checkbox])]:pr-0 [&>[role=checkbox]]:translate-y-[2px] bg-background text-foreground"
                data-slot="table-cell"
              >
                2020-08-04
              </td>
              <td
                class="p-2 align-middle whitespace-nowrap [&:has([role=checkbox])]:pr-0 [&>[role=checkbox]]:translate-y-[2px] bg-background text-foreground"
                data-slot="table-cell"
              >
                Engineering
              </td>
              <td
                class="p-2 align-middle whitespace-nowrap [&:has([role=checkbox])]:pr-0 [&>[role=checkbox]]:translate-y-[2px] bg-background text-foreground"
                data-slot="table-cell"
              >
                New Matthewbury
              </td>
              <td
                class="p-2 align-middle whitespace-nowrap [&:has([role=checkbox])]:pr-0 [&>[role=checkbox]]:translate-y-[2px] bg-background text-foreground"
                data-slot="table-cell"
              >
                CT
              </td>
              <td
                class="p-2 align-middle whitespace-nowrap [&:has([role=checkbox])]:pr-0 [&>[role=checkbox]]:translate-y-[2px] bg-background text-foreground"
                data-slot="table-cell"
              >
                4597
              </td>
            </tr>
            <tr
              class="hover:bg-muted/50 data-[state=selected]:bg-muted border-b transition-colors"
              data-slot="table-row"
            >
              <td
                class="p-2 align-middle whitespace-nowrap [&:has([role=checkbox])]:pr-0 [&>[role=checkbox]]:translate-y-[2px] bg-background text-foreground"
                data-slot="table-cell"
              >
                Monica
              </td>
              <td
                class="p-2 align-middle whitespace-nowrap [&:has([role=checkbox])]:pr-0 [&>[role=checkbox]]:translate-y-[2px] bg-background text-foreground"
                data-slot="table-cell"
              >
                Guerrero
              </td>
              <td
                class="p-2 align-middle whitespace-nowrap [&:has([role=checkbox])]:pr-0 [&>[role=checkbox]]:translate-y-[2px] bg-background text-foreground"
                data-slot="table-cell"
              >
                1971-04-28
              </td>
              <td
                class="p-2 align-middle whitespace-nowrap [&:has([role=checkbox])]:pr-0 [&>[role=checkbox]]:translate-y-[2px] bg-background text-foreground"
                data-slot="table-cell"
              >
                2022-10-17
              </td>
              <td
                class="p-2 align-middle whitespace-nowrap [&:has([role=checkbox])]:pr-0 [&>[role=checkbox]]:translate-y-[2px] bg-background text-foreground"
                data-slot="table-cell"
              >
                Marketing
              </td>
              <td
                class="p-2 align-middle whitespace-nowrap [&:has([role=checkbox])]:pr-0 [&>[role=checkbox]]:translate-y-[2px] bg-background text-foreground"
                data-slot="table-cell"
              >
                North Michelle
              </td>
              <td
                class="p-2 align-middle whitespace-nowrap [&:has([role=checkbox])]:pr-0 [&>[role=checkbox]]:translate-y-[2px] bg-background text-foreground"
                data-slot="table-cell"
              >
                VI
              </td>
              <td
                class="p-2 align-middle whitespace-nowrap [&:has([role=checkbox])]:pr-0 [&>[role=checkbox]]:translate-y-[2px] bg-background text-foreground"
                data-slot="table-cell"
              >
                55210
              </td>
            </tr>
            <tr
              class="hover:bg-muted/50 data-[state=selected]:bg-muted border-b transition-colors"
              data-slot="table-row"
            >
              <td
                class="p-2 align-middle whitespace-nowrap [&:has([role=checkbox])]:pr-0 [&>[role=checkbox]]:translate-y-[2px] bg-background text-foreground"
                data-slot="table-cell"
              >
                Gina
              </td>
              <td
                class="p-2 align-middle whitespace-nowrap [&:has([role=checkbox])]:pr-0 [&>[role=checkbox]]:translate-y-[2px] bg-background text-foreground"
                data-slot="table-cell"
              >
                Hardy
              </td>
              <td
                class="p-2 align-middle whitespace-nowrap [&:has([role=checkbox])]:pr-0 [&>[role=checkbox]]:translate-y-[2px] bg-background text-foreground"
                data-slot="table-cell"
              >
                1982-09-18
              </td>
              <td
                class="p-2 align-middle whitespace-nowrap [&:has([role=checkbox])]:pr-0 [&>[role=checkbox]]:translate-y-[2px] bg-background text-foreground"
                data-slot="table-cell"
              >
                2021-04-06
              </td>
              <td
                class="p-2 align-middle whitespace-nowrap [&:has([role=checkbox])]:pr-0 [&>[role=checkbox]]:translate-y-[2px] bg-background text-foreground"
                data-slot="table-cell"
              >
                Legal
              </td>
              <td
                class="p-2 align-middle whitespace-nowrap [&:has([role=checkbox])]:pr-0 [&>[role=checkbox]]:translate-y-[2px] bg-background text-foreground"
                data-slot="table-cell"
              >
                Rebekahbury
              </td>
              <td
                class="p-2 align-middle whitespace-nowrap [&:has([role=checkbox])]:pr-0 [&>[role=checkbox]]:translate-y-[2px] bg-background text-foreground"
                data-slot="table-cell"
              >
                AL
              </td>
              <td
                class="p-2 align-middle whitespace-nowrap [&:has([role=checkbox])]:pr-0 [&>[role=checkbox]]:translate-y-[2px] bg-background text-foreground"
                data-slot="table-cell"
              >
                14198
              </td>
            </tr>
          </tbody>
        </table>
      </div>
    </div>
    <div
      class="flex items-center justify-between py-4 text-sm text-foreground"
    >
      <div>
        Showing 1 to 10 of 101 entries
      </div>
      <div
        class="space-x-2"
      >
        <button
          class="inline-flex items-center justify-center whitespace-nowrap text-sm font-medium transition-all disabled:pointer-events-none disabled:opacity-50 [&_svg]:pointer-events-none [&_svg:not([class*='size-'])]:size-4 shrink-0 [&_svg]:shrink-0 outline-none focus-visible:border-ring focus-visible:ring-ring/50 focus-visible:ring-[3px] aria-invalid:ring-destructive/20 dark:aria-invalid:ring-destructive/40 aria-invalid:border-destructive border bg-background shadow-xs hover:bg-accent hover:text-accent-foreground dark:bg-input/30 dark:border-input dark:hover:bg-input/50 h-8 rounded-md gap-1.5 px-3 has-[>svg]:px-2.5"
          data-slot="button"
          disabled=""
        >
          Previous
        </button>
        <button
          class="inline-flex items-center justify-center whitespace-nowrap text-sm font-medium transition-all disabled:pointer-events-none disabled:opacity-50 [&_svg]:pointer-events-none [&_svg:not([class*='size-'])]:size-4 shrink-0 [&_svg]:shrink-0 outline-none focus-visible:border-ring focus-visible:ring-ring/50 focus-visible:ring-[3px] aria-invalid:ring-destructive/20 dark:aria-invalid:ring-destructive/40 aria-invalid:border-destructive bg-primary text-primary-foreground shadow-xs hover:bg-primary/90 h-8 rounded-md gap-1.5 px-3 has-[>svg]:px-2.5"
          data-slot="button"
        >
          1
        </button>
        <button
          class="inline-flex items-center justify-center whitespace-nowrap text-sm font-medium transition-all disabled:pointer-events-none disabled:opacity-50 [&_svg]:pointer-events-none [&_svg:not([class*='size-'])]:size-4 shrink-0 [&_svg]:shrink-0 outline-none focus-visible:border-ring focus-visible:ring-ring/50 focus-visible:ring-[3px] aria-invalid:ring-destructive/20 dark:aria-invalid:ring-destructive/40 aria-invalid:border-destructive border bg-background shadow-xs hover:bg-accent hover:text-accent-foreground dark:bg-input/30 dark:border-input dark:hover:bg-input/50 h-8 rounded-md gap-1.5 px-3 has-[>svg]:px-2.5"
          data-slot="button"
        >
          2
        </button>
        <button
          class="inline-flex items-center justify-center whitespace-nowrap text-sm font-medium transition-all disabled:pointer-events-none disabled:opacity-50 [&_svg]:pointer-events-none [&_svg:not([class*='size-'])]:size-4 shrink-0 [&_svg]:shrink-0 outline-none focus-visible:border-ring focus-visible:ring-ring/50 focus-visible:ring-[3px] aria-invalid:ring-destructive/20 dark:aria-invalid:ring-destructive/40 aria-invalid:border-destructive border bg-background shadow-xs hover:bg-accent hover:text-accent-foreground dark:bg-input/30 dark:border-input dark:hover:bg-input/50 h-8 rounded-md gap-1.5 px-3 has-[>svg]:px-2.5"
          data-slot="button"
        >
          3
        </button>
        <button
          class="inline-flex items-center justify-center whitespace-nowrap text-sm font-medium transition-all disabled:pointer-events-none disabled:opacity-50 [&_svg]:pointer-events-none [&_svg:not([class*='size-'])]:size-4 shrink-0 [&_svg]:shrink-0 outline-none focus-visible:border-ring focus-visible:ring-ring/50 focus-visible:ring-[3px] aria-invalid:ring-destructive/20 dark:aria-invalid:ring-destructive/40 aria-invalid:border-destructive border bg-background shadow-xs hover:bg-accent hover:text-accent-foreground dark:bg-input/30 dark:border-input dark:hover:bg-input/50 h-8 rounded-md gap-1.5 px-3 has-[>svg]:px-2.5"
          data-slot="button"
        >
          4
        </button>
        <button
          class="inline-flex items-center justify-center whitespace-nowrap text-sm font-medium transition-all disabled:pointer-events-none disabled:opacity-50 [&_svg]:pointer-events-none [&_svg:not([class*='size-'])]:size-4 shrink-0 [&_svg]:shrink-0 outline-none focus-visible:border-ring focus-visible:ring-ring/50 focus-visible:ring-[3px] aria-invalid:ring-destructive/20 dark:aria-invalid:ring-destructive/40 aria-invalid:border-destructive border bg-background shadow-xs hover:bg-accent hover:text-accent-foreground dark:bg-input/30 dark:border-input dark:hover:bg-input/50 h-8 rounded-md gap-1.5 px-3 has-[>svg]:px-2.5"
          data-slot="button"
        >
          5
        </button>
        <button
          class="inline-flex items-center justify-center whitespace-nowrap text-sm font-medium transition-all disabled:pointer-events-none disabled:opacity-50 [&_svg]:pointer-events-none [&_svg:not([class*='size-'])]:size-4 shrink-0 [&_svg]:shrink-0 outline-none focus-visible:border-ring focus-visible:ring-ring/50 focus-visible:ring-[3px] aria-invalid:ring-destructive/20 dark:aria-invalid:ring-destructive/40 aria-invalid:border-destructive border bg-background shadow-xs hover:bg-accent hover:text-accent-foreground dark:bg-input/30 dark:border-input dark:hover:bg-input/50 h-8 rounded-md gap-1.5 px-3 has-[>svg]:px-2.5"
          data-slot="button"
        >
          6
        </button>
        <button
          class="inline-flex items-center justify-center whitespace-nowrap text-sm font-medium transition-all disabled:pointer-events-none disabled:opacity-50 [&_svg]:pointer-events-none [&_svg:not([class*='size-'])]:size-4 shrink-0 [&_svg]:shrink-0 outline-none focus-visible:border-ring focus-visible:ring-ring/50 focus-visible:ring-[3px] aria-invalid:ring-destructive/20 dark:aria-invalid:ring-destructive/40 aria-invalid:border-destructive border bg-background shadow-xs hover:bg-accent hover:text-accent-foreground dark:bg-input/30 dark:border-input dark:hover:bg-input/50 h-8 rounded-md gap-1.5 px-3 has-[>svg]:px-2.5"
          data-slot="button"
        >
          7
        </button>
        <button
          class="inline-flex items-center justify-center whitespace-nowrap text-sm font-medium transition-all disabled:pointer-events-none disabled:opacity-50 [&_svg]:pointer-events-none [&_svg:not([class*='size-'])]:size-4 shrink-0 [&_svg]:shrink-0 outline-none focus-visible:border-ring focus-visible:ring-ring/50 focus-visible:ring-[3px] aria-invalid:ring-destructive/20 dark:aria-invalid:ring-destructive/40 aria-invalid:border-destructive border bg-background shadow-xs hover:bg-accent hover:text-accent-foreground dark:bg-input/30 dark:border-input dark:hover:bg-input/50 h-8 rounded-md gap-1.5 px-3 has-[>svg]:px-2.5"
          data-slot="button"
        >
          8
        </button>
        <button
          class="inline-flex items-center justify-center whitespace-nowrap text-sm font-medium transition-all disabled:pointer-events-none disabled:opacity-50 [&_svg]:pointer-events-none [&_svg:not([class*='size-'])]:size-4 shrink-0 [&_svg]:shrink-0 outline-none focus-visible:border-ring focus-visible:ring-ring/50 focus-visible:ring-[3px] aria-invalid:ring-destructive/20 dark:aria-invalid:ring-destructive/40 aria-invalid:border-destructive border bg-background shadow-xs hover:bg-accent hover:text-accent-foreground dark:bg-input/30 dark:border-input dark:hover:bg-input/50 h-8 rounded-md gap-1.5 px-3 has-[>svg]:px-2.5"
          data-slot="button"
        >
          9
        </button>
        <button
          class="inline-flex items-center justify-center whitespace-nowrap text-sm font-medium transition-all disabled:pointer-events-none disabled:opacity-50 [&_svg]:pointer-events-none [&_svg:not([class*='size-'])]:size-4 shrink-0 [&_svg]:shrink-0 outline-none focus-visible:border-ring focus-visible:ring-ring/50 focus-visible:ring-[3px] aria-invalid:ring-destructive/20 dark:aria-invalid:ring-destructive/40 aria-invalid:border-destructive border bg-background shadow-xs hover:bg-accent hover:text-accent-foreground dark:bg-input/30 dark:border-input dark:hover:bg-input/50 h-8 rounded-md gap-1.5 px-3 has-[>svg]:px-2.5"
          data-slot="button"
        >
          10
        </button>
        <button
          class="inline-flex items-center justify-center whitespace-nowrap text-sm font-medium transition-all disabled:pointer-events-none disabled:opacity-50 [&_svg]:pointer-events-none [&_svg:not([class*='size-'])]:size-4 shrink-0 [&_svg]:shrink-0 outline-none focus-visible:border-ring focus-visible:ring-ring/50 focus-visible:ring-[3px] aria-invalid:ring-destructive/20 dark:aria-invalid:ring-destructive/40 aria-invalid:border-destructive border bg-background shadow-xs hover:bg-accent hover:text-accent-foreground dark:bg-input/30 dark:border-input dark:hover:bg-input/50 h-8 rounded-md gap-1.5 px-3 has-[>svg]:px-2.5"
          data-slot="button"
        >
          11
        </button>
        <button
          class="inline-flex items-center justify-center whitespace-nowrap text-sm font-medium transition-all disabled:pointer-events-none disabled:opacity-50 [&_svg]:pointer-events-none [&_svg:not([class*='size-'])]:size-4 shrink-0 [&_svg]:shrink-0 outline-none focus-visible:border-ring focus-visible:ring-ring/50 focus-visible:ring-[3px] aria-invalid:ring-destructive/20 dark:aria-invalid:ring-destructive/40 aria-invalid:border-destructive border bg-background shadow-xs hover:bg-accent hover:text-accent-foreground dark:bg-input/30 dark:border-input dark:hover:bg-input/50 h-8 rounded-md gap-1.5 px-3 has-[>svg]:px-2.5"
          data-slot="button"
        >
          Next
        </button>
      </div>
    </div>
  </div>
</div>
`;
