// Vitest Snapshot v1, https://vitest.dev/guide/snapshot.html

exports[`Home > should render correctly 1`] = `
<div>
  <div
    class="bg-muted flex min-h-svh flex-col items-center justify-center gap-6 p-6 md:p-10"
  >
    <a
      class="flex items-center gap-2 self-center font-medium"
      data-discover="true"
      href="/"
    >
      <img
        alt="logo"
        class="size-30"
        src="./logo.webp"
      />
    </a>
    <nav
      class="flex gap-4"
    >
      <button
        class="items-center justify-center whitespace-nowrap font-medium disabled:pointer-events-none disabled:opacity-50 [&_svg]:pointer-events-none shrink-0 [&_svg]:shrink-0 focus-visible:border-ring aria-invalid:ring-destructive/20 dark:aria-invalid:ring-destructive/40 aria-invalid:border-destructive border bg-background shadow-xs dark:bg-input/30 dark:border-input dark:hover:bg-input/50 h-9 has-[>svg]:px-3 data-[active=true]:focus:bg-accent data-[active=true]:hover:bg-accent data-[active=true]:bg-accent/50 data-[active=true]:text-accent-foreground hover:bg-accent hover:text-accent-foreground focus:bg-accent focus:text-accent-foreground focus-visible:ring-ring/50 [&_svg:not([class*='text-'])]:text-muted-foreground flex flex-col gap-1 rounded-sm p-2 text-sm transition-all outline-none focus-visible:ring-[3px] focus-visible:outline-1 [&_svg:not([class*='size-'])]:size-4"
        data-slot="button"
      >
        Home
      </button>
      <button
        class="items-center justify-center whitespace-nowrap font-medium disabled:pointer-events-none disabled:opacity-50 [&_svg]:pointer-events-none shrink-0 [&_svg]:shrink-0 focus-visible:border-ring aria-invalid:ring-destructive/20 dark:aria-invalid:ring-destructive/40 aria-invalid:border-destructive border bg-background shadow-xs dark:bg-input/30 dark:border-input dark:hover:bg-input/50 h-9 has-[>svg]:px-3 data-[active=true]:focus:bg-accent data-[active=true]:hover:bg-accent data-[active=true]:bg-accent/50 data-[active=true]:text-accent-foreground hover:bg-accent hover:text-accent-foreground focus:bg-accent focus:text-accent-foreground focus-visible:ring-ring/50 [&_svg:not([class*='text-'])]:text-muted-foreground flex flex-col gap-1 rounded-sm p-2 text-sm transition-all outline-none focus-visible:ring-[3px] focus-visible:outline-1 [&_svg:not([class*='size-'])]:size-4"
        data-slot="button"
      >
        Current Employees
      </button>
    </nav>
    <div
      class="flex w-full max-w-sm flex-col gap-6"
    >
      <button>
        Submit Form
      </button>
    </div>
  </div>
</div>
`;
